'C4.theoremB' depends on axioms: [propext, Classical.choice, Quot.sound]
'C4.theoremA' depends on axioms: [propext, Classical.choice, Quot.sound]
'C4.theoremA_cyclic' depends on axioms: [propext, Classical.choice, Quot.sound]
'C4.theoremA_slice' depends on axioms: [propext, Classical.choice, Quot.sound]
'C4.albouy_square' depends on axioms: [propext, Classical.choice, Quot.sound]
'C4.Shape.contMDiffOn_fS' depends on axioms: [propext, Classical.choice, Quot.sound]
'C4.Shape.critical_iff' depends on axioms: [propext, Classical.choice, Quot.sound]
'C4.convex_shape_min' depends on axioms: [propext, Classical.choice, Quot.sound]
'C4.nondegenerate' depends on axioms: [propext, Classical.choice, Quot.sound]
'C4.nondegenerate_slice' depends on axioms: [propext, Classical.choice, Quot.sound]
'C4.theoremA_two' depends on axioms: [propext, Classical.choice, Quot.sound]
'C4.theoremA_analytic' depends on axioms: [propext, Classical.choice, Quot.sound]
'C4.theoremA_analytic_slice' depends on axioms: [propext, Classical.choice, Quot.sound]
'C4.corollaryC_i' depends on axioms: [propext, Classical.choice, Quot.sound]
'C4.corollaryC_ii' depends on axioms: [propext, Classical.choice, Quot.sound]
'C4.massMap_spec' depends on axioms: [propext, Classical.choice, Quot.sound]
'C4.ccr_mass_injective' depends on axioms: [propext, Classical.choice, Quot.sound]
'C4.ccr_injective' depends on axioms: [propext, Classical.choice, Quot.sound]
'C4.convex_count' depends on axioms: [propext, Classical.choice, Quot.sound]
'C4.convex_count_OP' depends on axioms: [propext, Classical.choice, Quot.sound]
'C4.corollaryD_a' depends on axioms: [propext, Classical.choice, Quot.sound]
'C4.corollaryD_b' depends on axioms: [propext, Classical.choice, Quot.sound]
'C4.corollaryD_c' depends on axioms: [propext, Classical.choice, Quot.sound]
'C4.hessian_Phi' depends on axioms: [propext, Classical.choice, Quot.sound]
'C4.hessian_q' depends on axioms: [propext, Classical.choice, Quot.sound]
'C4.hessian_rigid' depends on axioms: [propext, Classical.choice, Quot.sound]
'C4.shape_decomp' depends on axioms: [propext, Classical.choice, Quot.sound]
'C4.shape_tangent' depends on axioms: [propext, Classical.choice, Quot.sound]
'C4.shape_hessian' depends on axioms: [propext, Classical.choice, Quot.sound]
'C4.shape_index' depends on axioms: [propext, Classical.choice, Quot.sound]
'C4.shape_nondegenerate_iff' depends on axioms: [propext, Classical.choice, Quot.sound]
'C4.shape_localMin_iff' depends on axioms: [propext, Classical.choice, Quot.sound]
'C4.area_sum_eq_zero' depends on axioms: [propext, Classical.choice, Quot.sound]
'C4.area_moment_eq_zero' depends on axioms: [propext, Classical.choice, Quot.sound]
'C4.area_simc' depends on axioms: [propext, Classical.choice, Quot.sound]
'C4.area_mirror' depends on axioms: [propext, Classical.choice, Quot.sound]
'C4.area_eq_zero_of_eq' depends on axioms: [propext, Classical.choice, Quot.sound]
'C4.area_eq_zero_iff_collinear' depends on axioms: [propext, Classical.choice, Quot.sound]
'C4.order1234_iff' depends on axioms: [propext, Classical.choice, Quot.sound]
'C4.order1234_ccw' depends on axioms: [propext, Classical.choice, Quot.sound]
'C4.isConvex_iff_order' depends on axioms: [propext, Classical.choice, Quot.sound]
'C4.isConvex_iff_not_interior' depends on axioms: [propext, Classical.choice, Quot.sound]
'C4.concave_interior' depends on axioms: [propext, Classical.choice, Quot.sound]
'C4.dr_eq_zero_iff' depends on axioms: [propext, Classical.choice, Quot.sound]
'C4.selfStress_iff' depends on axioms: [propext, Classical.choice, Quot.sound]
'C4.hessK_eq_zero_iff' depends on axioms: [propext, Classical.choice, Quot.sound]
'C4.nocollinear' depends on axioms: [propext, Classical.choice, Quot.sound]
'C4.dziobek' depends on axioms: [propext, Classical.choice, Quot.sound]
'C4.convex_signs' depends on axioms: [propext, Classical.choice, Quot.sound]
'C4.convex_diagonal_longer' depends on axioms: [propext, Classical.choice, Quot.sound]
'C4.dziobek_products' depends on axioms: [propext, Classical.choice, Quot.sound]
'C4.longest_side_opposite' depends on axioms: [propext, Classical.choice, Quot.sound]
'C4.hessQ_identity_abs' depends on axioms: [propext, Classical.choice, Quot.sound]
'C4.palmore_shape' depends on axioms: [propext, Classical.choice, Quot.sound]
'C4.palmore' depends on axioms: [propext, Classical.choice, Quot.sound]
'C4.dziobekFn_w' depends on axioms: [propext, Classical.choice, Quot.sound]
'C4.dziobekFn_F' depends on axioms: [propext, Classical.choice, Quot.sound]
'C4.cc_iff_P' depends on axioms: [propext, Classical.choice, Quot.sound]
'C4.masses_unique' depends on axioms: [propext, Classical.choice, Quot.sound]
'C4.cc_masses' depends on axioms: [propext, Classical.choice, Quot.sound]
'C4.normal_cc' depends on axioms: [propext, Classical.choice, Quot.sound]
'C4.normal_exists' depends on axioms: [propext, Classical.choice, Quot.sound]
'C4.normal_injective' depends on axioms: [propext, Classical.choice, Quot.sound]
'C4.ShapeHessAux.hessian_fUI_display' depends on axioms: [propext, Classical.choice, Quot.sound]
'C4.prZ_isProperMap' depends on axioms: [propext, Classical.choice, Quot.sound]
'C4.not_collinear_limit' depends on axioms: [propext, Classical.choice, Quot.sound]
'C4.quad_area' depends on axioms: [propext, Classical.choice, Quot.sound]
'C4.Shape.contMDiffAt_proj' depends on axioms: [propext, Classical.choice, Quot.sound]
'C4.eta_props' depends on axioms: [propext, Classical.choice, Quot.sound]
'C4.qd_similarOP_eq' depends on axioms: [propext, Classical.choice, Quot.sound]
'C4.normalize_sim' depends on axioms: [propext, Classical.choice, Quot.sound]
'C4.dir_cap' depends on axioms: [propext, Classical.choice, Quot.sound]
'C4.ch_cap' depends on axioms: [propext, Classical.choice, Quot.sound]
'C4.dirCover' depends on axioms: [propext]
'C4.chCover' depends on axioms: [propext]
