✔ [8959/9193] Built C4Check.Num (789ms)
✔ [8960/9193] Built C4Check.Jet (679ms)
✔ [8961/9193] Built C4Check.Formulas (1.2s)
✔ [8962/9193] Built C4Check.Search (510ms)
✔ [8963/9193] Built C4Check.Grid (3.3s)
✔ [8964/9193] Built C4.Count (6.1s)
✔ [8965/9193] Built C4Check (432ms)
✔ [8966/9193] Built C4.Defs (5.8s)
✔ [8967/9193] Built C4.NumSound (17s)
✔ [8968/9193] Built C4Cert.Ch014 (24s)
✔ [8969/9193] Built C4Cert.Dir169 (30s)
✔ [8970/9193] Built C4Cert.Dir168 (66s)
✔ [8971/9193] Built C4Cert.Ch009 (73s)
✔ [8972/9193] Built C4Cert.Ch004 (78s)
✔ [8973/9193] Built C4Cert.Ch011 (81s)
✔ [8974/9193] Built C4Cert.Ch012 (82s)
✔ [8975/9193] Built C4Cert.Ch008 (82s)
✔ [8976/9193] Built C4Cert.Dir166 (90s)
✔ [8977/9193] Built C4Cert.Dir167 (92s)
✔ [8978/9193] Built C4Cert.Ch010 (107s)
✔ [8979/9193] Built C4Cert.Dir165 (103s)
✔ [8980/9193] Built C4Cert.Ch007 (109s)
✔ [8981/9193] Built C4Cert.Ch013 (111s)
✔ [8982/9193] Built C4Cert.Ch001 (112s)
✔ [8983/9193] Built C4Cert.Dir162 (85s)
✔ [8984/9193] Built C4Cert.Dir164 (106s)
✔ [8985/9193] Built C4Cert.Dir163 (103s)
✔ [8986/9193] Built C4Cert.Dir155 (47s)
✔ [8987/9193] Built C4Cert.Dir154 (47s)
✔ [8988/9193] Built C4Cert.Dir161 (78s)
✔ [8989/9193] Built C4Cert.Dir153 (43s)
✔ [8990/9193] Built C4Cert.Dir151 (46s)
✔ [8991/9193] Built C4Cert.Dir150 (47s)
✔ [8992/9193] Built C4Cert.Dir152 (50s)
✔ [8993/9193] Built C4Cert.Dir160 (86s)
✔ [8994/9193] Built C4Cert.Dir149 (49s)
✔ [8995/9193] Built C4Cert.Dir148 (51s)
✔ [8996/9193] Built C4Cert.Dir157 (86s)
✔ [8997/9193] Built C4Cert.Dir158 (92s)
✔ [8998/9193] Built C4Cert.Dir159 (96s)
✔ [8999/9193] Built C4Cert.Dir156 (95s)
✔ [9000/9193] Built C4Cert.Dir145 (42s)
✔ [9001/9193] Built C4Cert.Ch003 (57s)
✔ [9002/9193] Built C4Cert.Dir143 (49s)
✔ [9003/9193] Built C4Cert.Dir147 (81s)
✔ [9004/9193] Built C4Cert.Dir142 (45s)
✔ [9005/9193] Built C4Cert.Dir141 (41s)
✔ [9006/9193] Built C4Cert.Ch006 (51s)
✔ [9007/9193] Built C4Cert.Ch005 (53s)
✔ [9008/9193] Built C4Cert.Ch002 (56s)
✔ [9009/9193] Built C4Cert.Dir140 (55s)
✔ [9010/9193] Built C4Cert.Dir146 (95s)
✔ [9011/9193] Built C4Cert.Dir138 (52s)
✔ [9012/9193] Built C4Cert.Dir139 (54s)
✔ [9013/9193] Built C4Cert.Dir144 (85s)
✔ [9014/9193] Built C4Cert.Dir136 (48s)
✔ [9015/9193] Built C4Cert.Dir134 (44s)
✔ [9016/9193] Built C4Cert.Dir128 (36s)
✔ [9017/9193] Built C4Cert.Dir135 (57s)
✔ [9018/9193] Built C4Cert.Dir133 (49s)
✔ [9019/9193] Built C4Cert.Dir130 (51s)
✔ [9020/9193] Built C4Cert.Dir129 (49s)
✔ [9021/9193] Built C4Cert.Dir131 (54s)
✔ [9022/9193] Built C4Cert.Dir127 (43s)
✔ [9023/9193] Built C4Cert.Ch000 (111s)
✔ [9024/9193] Built C4Cert.Dir122 (43s)
✔ [9025/9193] Built C4Cert.Dir125 (48s)
✔ [9026/9193] Built C4Cert.Dir123 (47s)
✔ [9027/9193] Built C4Cert.Dir137 (101s)
✔ [9028/9193] Built C4Cert.Dir124 (54s)
✔ [9029/9193] Built C4Cert.Dir121 (42s)
✔ [9030/9193] Built C4Cert.Dir132 (84s)
✔ [9031/9193] Built C4Cert.Dir118 (37s)
✔ [9032/9193] Built C4Cert.Dir120 (46s)
✔ [9033/9193] Built C4Cert.Dir114 (33s)
✔ [9034/9193] Built C4Cert.Dir116 (40s)
✔ [9035/9193] Built C4Cert.Dir110 (24s)
✔ [9036/9193] Built C4Cert.Dir111 (28s)
✔ [9037/9193] Built C4Cert.Dir119 (50s)
✔ [9038/9193] Built C4Cert.Dir126 (83s)
✔ [9039/9193] Built C4Cert.Dir106 (15s)
✔ [9040/9193] Built C4Cert.Dir115 (47s)
✔ [9041/9193] Built C4Cert.Dir108 (30s)
✔ [9042/9193] Built C4Cert.Dir117 (52s)
✔ [9043/9193] Built C4Cert.Dir112 (45s)
✔ [9044/9193] Built C4Cert.Dir107 (38s)
✔ [9045/9193] Built C4Cert.Dir113 (62s)
✔ [9046/9193] Built C4Cert.Dir105 (37s)
✔ [9047/9193] Built C4Cert.Dir104 (32s)
✔ [9048/9193] Built C4Cert.Dir109 (54s)
✔ [9049/9193] Built C4Cert.Dir103 (48s)
✔ [9050/9193] Built C4Cert.Dir098 (44s)
✔ [9051/9193] Built C4Cert.Dir095 (38s)
✔ [9052/9193] Built C4Cert.Dir100 (48s)
✔ [9053/9193] Built C4Cert.Dir099 (48s)
✔ [9054/9193] Built C4Cert.Dir097 (46s)
✔ [9055/9193] Built C4Cert.Dir096 (42s)
✔ [9056/9193] Built C4Cert.Dir101 (51s)
✔ [9057/9193] Built C4Cert.Dir094 (41s)
✔ [9058/9193] Built C4Cert.Dir089 (28s)
✔ [9059/9193] Built C4Cert.Dir093 (44s)
✔ [9060/9193] Built C4Cert.Dir092 (38s)
✔ [9061/9193] Built C4Cert.Dir088 (31s)
✔ [9062/9193] Built C4Cert.Dir083 (17s)
✔ [9063/9193] Built C4Cert.Dir090 (49s)
✔ [9064/9193] Built C4Cert.Dir082 (27s)
✔ [9065/9193] Built C4Cert.Dir087 (42s)
✔ [9066/9193] Built C4Cert.Dir086 (40s)
✔ [9067/9193] Built C4Cert.Dir102 (92s)
✔ [9068/9193] Built C4Cert.Dir081 (42s)
✔ [9069/9193] Built C4Cert.Dir078 (40s)
✔ [9070/9193] Built C4Cert.Dir085 (50s)
✔ [9071/9193] Built C4Cert.Dir076 (39s)
✔ [9072/9193] Built C4Cert.Dir084 (53s)
✔ [9073/9193] Built C4Cert.Dir075 (42s)
✔ [9074/9193] Built C4Cert.Dir077 (44s)
✔ [9075/9193] Built C4Cert.Dir074 (39s)
✔ [9076/9193] Built C4Cert.Dir072 (32s)
✔ [9077/9193] Built C4Cert.Dir073 (35s)
✔ [9078/9193] Built C4Cert.Dir091 (84s)
✔ [9079/9193] Built C4Cert.Dir070 (29s)
✔ [9080/9193] Built C4Cert.Dir068 (27s)
✔ [9081/9193] Built C4Cert.Dir065 (20s)
✔ [9082/9193] Built C4Cert.Dir071 (33s)
✔ [9083/9193] Built C4Cert.Dir059 (10s)
✔ [9084/9193] Built C4Cert.Dir067 (25s)
✔ [9085/9193] Built C4Cert.Dir079 (73s)
✔ [9086/9193] Built C4Cert.Dir069 (34s)
✔ [9087/9193] Built C4Cert.Dir062 (22s)
✔ [9088/9193] Built C4Cert.Dir066 (31s)
✔ [9089/9193] Built C4Cert.Dir080 (85s)
✔ [9090/9193] Built C4Cert.Dir063 (33s)
✔ [9091/9193] Built C4Cert.Dir054 (16s)
✔ [9092/9193] Built C4Cert.Dir058 (27s)
✔ [9093/9193] Built C4Cert.Dir064 (36s)
✔ [9094/9193] Built C4Cert.Dir061 (39s)
✔ [9095/9193] Built C4Cert.Dir060 (40s)
✔ [9096/9193] Built C4Cert.Dir052 (31s)
✔ [9097/9193] Built C4Cert.Dir053 (35s)
✔ [9098/9193] Built C4Cert.Dir049 (33s)
✔ [9099/9193] Built C4Cert.Dir044 (23s)
✔ [9100/9193] Built C4Cert.Dir051 (36s)
✔ [9101/9193] Built C4Cert.Dir057 (46s)
✔ [9102/9193] Built C4Cert.Dir050 (38s)
✔ [9103/9193] Built C4Cert.Dir048 (37s)
✔ [9104/9193] Built C4Cert.Dir055 (51s)
✔ [9105/9193] Built C4Cert.Dir047 (36s)
✔ [9106/9193] Built C4Cert.Dir045 (38s)
✔ [9107/9193] Built C4Cert.Dir037 (18s)
✔ [9108/9193] Built C4Cert.Dir046 (43s)
✔ [9109/9193] Built C4Cert.Dir043 (42s)
✔ [9110/9193] Built C4Cert.Dir039 (25s)
✔ [9111/9193] Built C4Cert.Dir041 (31s)
✔ [9112/9193] Built C4Cert.Dir042 (38s)
✔ [9113/9193] Built C4Cert.Dir056 (74s)
✔ [9114/9193] Built C4Cert.Dir033 (28s)
✔ [9115/9193] Built C4Cert.Dir034 (31s)
✔ [9116/9193] Built C4Cert.Dir038 (38s)
✔ [9117/9193] Built C4Cert.Dir040 (48s)
✔ [9118/9193] Built C4Cert.Dir036 (41s)
✔ [9119/9193] Built C4Cert.Dir035 (49s)
✔ [9120/9193] Built C4Cert.Dir030 (42s)
✔ [9121/9193] Built C4Cert.Dir032 (46s)
✔ [9122/9193] Built C4Cert.Dir031 (49s)
✔ [9123/9193] Built C4Cert.Dir025 (39s)
✔ [9124/9193] Built C4Cert.Dir027 (43s)
✔ [9125/9193] Built C4Cert.Dir029 (45s)
✔ [9126/9193] Built C4Cert.Dir028 (49s)
✔ [9127/9193] Built C4Cert.Dir024 (49s)
✔ [9128/9193] Built C4Cert.Dir021 (39s)
✔ [9129/9193] Built C4Cert.Dir023 (41s)
✔ [9130/9193] Built C4Cert.Dir026 (54s)
✔ [9131/9193] Built C4Cert.Dir022 (44s)
✔ [9132/9193] Built C4Cert.Dir020 (45s)
✔ [9133/9193] Built C4Cert.Dir019 (49s)
✔ [9134/9193] Built C4Cert.Dir016 (42s)
✔ [9135/9193] Built C4Cert.Dir017 (50s)
✔ [9136/9193] Built C4Cert.Dir013 (44s)
✔ [9137/9193] Built C4Cert.Dir014 (46s)
✔ [9138/9193] Built C4Cert.Dir018 (68s)
✔ [9139/9193] Built C4Cert.Dir010 (45s)
✔ [9140/9193] Built C4Cert.Dir006 (39s)
✔ [9141/9193] Built C4Cert.Dir011 (50s)
✔ [9142/9193] Built C4.Majorant (8.2s)
✔ [9143/9193] Built C4.Slice (4.0s)
✔ [9144/9193] Built C4Cert.Dir009 (51s)
✔ [9145/9193] Built C4Cert.Dir007 (48s)
✔ [9146/9193] Built C4.JetSound (5.6s)
✔ [9147/9193] Built C4.Dziobek (11s)
✔ [9148/9193] Built C4Cert.Dir008 (52s)
✔ [9149/9193] Built C4.Normalize (12s)
✔ [9150/9193] Built C4.Sim (4.2s)
✔ [9151/9193] Built C4.SliceSmooth (5.0s)
✔ [9152/9193] Built C4.Carrier (4.6s)
✔ [9153/9193] Built C4.Chart (20s)
✔ [9154/9193] Built C4.SliceCC (5.4s)
✔ [9155/9193] Built C4Cert.Dir004 (50s)
✔ [9156/9193] Built C4.NormalForm (20s)
✔ [9157/9193] Built C4.HessCont (4.5s)
✔ [9158/9193] Built C4.NoCollinear (5.2s)
✔ [9159/9193] Built C4Cert.Dir005 (57s)
✔ [9160/9193] Built C4.SlicePhi (5.7s)
✔ [9161/9193] Built C4.Shub (5.9s)
✔ [9162/9193] Built C4Cert.Dir015 (80s)
✔ [9163/9193] Built C4.SliceLimit (3.3s)
✔ [9164/9193] Built C4.ModeSound (12s)
✔ [9165/9193] Built C4.Albouy (17s)
✔ [9166/9193] Built C4Cert.Dir003 (53s)
✔ [9167/9193] Built C4.SearchSound (5.2s)
✔ [9168/9193] Built C4Cert.Dir012 (89s)
✔ [9169/9193] Built C4Cert.Dir001 (51s)
✔ [9170/9193] Built C4Cert.Dir000 (50s)
✔ [9171/9193] Built C4Cert.Dir002 (75s)
✔ [9172/9193] Built C4Cert.Cover (336ms)
✔ [9173/9193] Built C4.Cap (5.3s)
✔ [9174/9193] Built C4.TheoremB (3.3s)
✔ [9175/9193] Built C4.SliceDeriv (3.7s)
✔ [9176/9193] Built C4.Collinear (3.7s)
✔ [9177/9193] Built C4.Nondegenerate (4.7s)
✔ [9178/9193] Built C4.Proper (2.2s)
✔ [9179/9193] Built C4.Local (2.3s)
✔ [9180/9193] Built C4.Palmore (2.4s)
✔ [9181/9193] Built C4.TheoremA (5.0s)
✔ [9182/9193] Built C4.SimRel (6.4s)
✔ [9183/9193] Built C4.Prelim (7.5s)
✔ [9184/9193] Built C4.Analytic (2.3s)
✔ [9185/9193] Built C4.CorollaryC (2.0s)
✔ [9186/9193] Built C4.Shape (3.8s)
✔ [9187/9193] Built Solution (1.9s)
✔ [9189/9193] Built C4.CorollaryD (2.6s)
✔ [9190/9193] Built C4.NormalSet (3.0s)
✔ [9191/9193] Built C4.ShapeHess (4.7s)
✔ [9192/9193] Built C4 (1.0s)
Build completed successfully (9193 jobs).
